// Jest Snapshot v1, https://goo.gl/fbAQLP

exports[`shallowMounted ConfigView renders correctly 1`] = `
<div>
  <div
    class="config_view"
  >
    <div
      class="config_view__config_view__body__main_view__content__header"
    >
      <div
        class="config_view__config_view__body__main_view__content__header__title"
      >
        <span
          class="config_view__config_view__body__main_view__content__header__title__text"
        >
          Config.
        </span>
      </div>
    </div>
     
    <div
      class="config_view__body"
    >
      <div
        class="config_view__body__side_panel"
      >
        <button
          class="p-button-text small_font"
          label="Liquid Classes"
        />
         
        <button
          class="p-button-text small_font p-button-secondary"
          label="Labwares"
        />
      </div>
       
      <div
        class="config_view__body__main_view"
      >
        <dialog
          header="Confirmation"
          modal="true"
          position="top"
          style="width: 420px; font-size: 15px;"
        >
          <div
            class="confirmation-content"
          >
            <span>
              Are you sure you want to delete the
                
              <b>
                
              </b>
              
                liquid class?
            </span>
          </div>
        </dialog>
         
        <div
          class="config_view__body__main_view__content"
        >
          <p
            class="config_view__body__main_view__content__header"
          >
            
              Liquid Classes
            
          </p>
           
          <div
            class="config_view__body__main_view__content__crud_button_group"
          >
            <button
              class="add_button"
              label="Add New +"
            />
             
            <button
              class="p-button-raised p-button-primary p-button-text"
              icon="pi pi-copy"
            />
             
            <button
              class="p-button-raised p-button-danger p-button-text"
              icon="pi pi-trash"
            />
          </div>
           
          <div>
            <div
              class="config_view__body__main_view__content__cards_area"
            >
              <div
                class="config_view__body__main_view__content__cards_area__card"
              >
                <p
                  class="config_view__body__main_view__content__cards_area__card__main_text"
                >
                  
                    Default
                  
                </p>
              </div>
               
              <br />
            </div>
          </div>
        </div>
         
        <div
          class="config_view__body__main_view__content__form"
        >
          <liquidclassconfigform-stub
            lcidx=""
          />
        </div>
         
        <!---->
      </div>
    </div>
  </div>
</div>
`;
